MAP
  NAME "Points"
  EXTENT 26.668678 58.339241 26.796582 58.409410
  UNITS DD
  SIZE 800 600

  IMAGETYPE PNG24

  PROJECTION
    "init=epsg:4326"
  END

 FONTSET "data/fonts/fontset.txt"

  WEB
    METADATA
      ows_enable_request "*"
      ows_srs "EPSG:4326 EPSG:3857"
    END
  END

SYMBOL
  NAME "circle"
  TYPE ellipse # Type of symbol
  POINTS
    1 1
  END
  FILLED true
END

  LAYER
    NAME "trees"
    STATUS OFF
    TYPE POINT
    # cluster does not seem to work with FLATGEOBUF
    #CONNECTIONTYPE FLATGEOBUF
    #DATA "data/osm/natural.fgb"

    CONNECTIONTYPE OGR
    CONNECTION "data/osm/natural.fgb"


    CLUSTER
      MAXDISTANCE 50
      REGION "ellipse"
    END

    #PROCESSING "CLUSTER_ALGORITHM=SIMPLE"
    #PROCESSING "CLUSTER_GET_ALL_SHAPES=OFF"
    #PROCESSING "CLUSTER_KEEP_LOCATIONS=OFF"

    #PROCESSING "ITEMS=fclass"

    LABELITEM "Cluster_FeatureCount"
    CLASSITEM "Cluster_FeatureCount"

    CLASS
      #EXPRESSION ("[Cluster_FeatureCount]" != "1")
      STYLE
        SIZE 30
        SYMBOL "circle"
        COLOR "#4A993A"
      END
      LABEL
        FONT "LiberationSans"
        # TEXT "hello"
        TYPE TRUETYPE
        SIZE 12
        COLOR 255 255 255
        ALIGN CENTER
        PRIORITY 10
        BUFFER 1
        PARTIALS TRUE
        POSITION cc
      END
    END
  END
END