MAP
  NAME "Lakes"
  # EXTENT 26.668678 58.339241 26.796582 58.409410
  EXTENT 393234.3937012631 5208170.531190613 495403.1713263091 5303964.876754144
  SIZE 800 600

  PROJECTION
    "init=epsg:26915"
  END

  IMAGETYPE PNG

  WEB
    METADATA
      ows_enable_request "*"
      ows_srs "EPSG:4326 EPSG:3857"
    END
  END

  LAYER
    NAME "lakes"
    STATUS OFF
    TYPE POLYGON
    CONNECTIONTYPE OGR
    CONNECTION "/vsicurl/https://github.com/MapServer/MapServer-demo/raw/main/data/lakespy2.shp"

    PROCESSING "NATIVE_FILTER=LAKE_NAME!=''"

    CLASS
      NAME 'Lakes & Rivers'

      STYLE
        COLOR 49 117 185
      END
    END
  END

  LAYER
    NAME "lake-labels"
    STATUS OFF
    TYPE LINE
    CONNECTIONTYPE OGR
    CONNECTION "/vsicurl/https://github.com/MapServer/MapServer-demo/raw/main/data/lakespy2.shp"

    GEOMTRANSFORM (centerline([shape]))
    # GEOMTRANSFORM (centerline(densify([shape], 0.1)))

    # LABELITEM "LAKE_NAME"
    CLASS
    # TEXT initcap("[LAKE_NAME]")
    LABEL
      COLOR 255 255 255
      TEXT (initcap("[LAKE_NAME]"))
      # FONT sans
      TYPE truetype
      SIZE 12
      PARTIALS false
      POSITION cc
      FORCE TRUE
      ANGLE FOLLOW
    END #label

    END
  END


END