MAP
    NAME "Points"
    EXTENT 17.77 43.31 17.83 43.36
    SIZE 800 600
    PROJECTION
        "init=epsg:4326"
    END
    FONTSET "data/fonts/fontset.txt"
    WEB
        METADATA
            "wms_enable_request" "*"
            "wms_srs" "EPSG:4326 EPSG:3857"
            "wms_onlineresource" "http://localhost:5002/?map=/etc/mapserver/points.map&"
        END
    END
    SYMBOL
        NAME "circle"
        TYPE ELLIPSE
        FILLED TRUE
        POINTS
            1 1
        END
    END
    SYMBOL
        NAME "cinema"
        TYPE TRUETYPE
        FONT "MaterialIcons"
        CHARACTER "&#57388;"
    END
    SYMBOL
        NAME "local_library"
        TYPE TRUETYPE
        FONT "MaterialIcons"
        CHARACTER "&#58699;"
    END
    SYMBOL
        NAME "storefront"
        TYPE TRUETYPE
        FONT "MaterialIcons"
        CHARACTER "&#59922;"
    END
    # A MAP can have one or more layers, configured
    # using LAYER blocks
    LAYER
        NAME "pois"
        STATUS ON
        TYPE POINT # each LAYER must have a TYPE such as POINT, LINE, or POLYGON
        CONNECTIONTYPE FLATGEOBUF
        DATA "data/osm/mostar/pois.fgb"
        CLASSITEM "fclass"
        # data within a LAYER is classified using one or more CLASSes
        # these use EXPRESSIONs to define which features are assigned to
        # which CLASS
        CLASS
            NAME "cinema"
            EXPRESSION "cinema"
            # we can now STYLE the data in the CLASS using
            # one or more STYLE blocks
            STYLE
                SYMBOL "cinema"
                SIZE 16
                COLOR 0 0 0
            END
        END
        CLASS
            NAME "library"
            EXPRESSION "library"
            STYLE
                SYMBOL "local_library"
                SIZE 16
                COLOR 0 0 0
            END
        END
        CLASS
            NAME "shop"
            EXPRESSION {computer_shop,shoe_shop,sports_shop}
            STYLE
                SYMBOL "storefront"
                SIZE 16
                COLOR 0 0 0
            END
        END
        CLASS
            NAME "poi"
            # when there is no expression any features
            # that don't match a previous class will be displayed
            # using this style
            STYLE
                SYMBOL "circle"
                SIZE 1
                COLOR 0 0 0
            END
        END # CLASS ends here
    END # LAYER ends here
END # MAP ends here
