MAP
    NAME "Buildings"
    EXTENT 17 43 18 44
    UNITS DD
    SIZE 800 600
    PROJECTION
        "init=epsg:4326"
    END
    WEB
        METADATA
            "ows_title" "OSM Buildings" 
            "ows_enable_request" "*" 
            "ows_srs" "EPSG:4326 EPSG:3857" 
        END
    END
    LAYER
        NAME "buildings"
        TYPE POLYGON
        STATUS OFF
        CONNECTIONTYPE OGR
        # CONNECTIONTYPE FLATGEOBUF
        # DATA "data/osm/mostar/buildings_a.fgb"
        CONNECTION "data/osm/mostar/buildings_a.fgb"
        CLASSGROUP "university" # we can switch the default set of CLASSes here
        CLASS
            NAME "University" # this value is used for Legend titles for the CLASS
            GROUP "university"
            EXPRESSION ( "[type]" = "university" )
            STYLE
                COLOR 255 0 0
                OUTLINECOLOR 0 0 0
            END
        END
        CLASS
            NAME "Other"
            GROUP "other"
            STYLE
                COLOR 246 241 223
                OUTLINECOLOR 0 0 0
            END
        END
    END
END