MAP
    NAME "Welcome!"
    EXTENT -20037508.34 -20048966.1 20037508.34 20048966.1
    #EXTENT -180 -90 180 90
    PROJECTION
        #"init=epsg:4326"
        "init=epsg:3857"
    END
    WEB
        METADATA
            "wms_enable_request" "*"
        END
    END

    SYMBOL
        NAME "circlef"
        TYPE ELLIPSE
        FILLED TRUE
        POINTS
            10 10
        END
    END
    IMAGECOLOR "#ADD8E6"
    LAYER
        NAME "countries"
        DEBUG 5
        TYPE POLYGON
        PROJECTION
            "init=epsg:4326"
        END
        STATUS ON

        TEMPLATE "ttt"
        METADATA
            "gml_include_items" "all"
            "gml_types" "auto"
        END

        CONNECTIONTYPE OGR
        CONNECTION "data/naturalearth"
        DATA "ne_110m_admin_0_countries"
        EXTENT -180.0 -90.0 180.0 90
        PROCESSING "CLOSE_CONNECTION=DEFER"
        CLASS
            STYLE
                COLOR 60 179 113
                OUTLINECOLOR 255 255 255
                OUTLINEWIDTH 0.1
            END
        END
    END
    #LAYER
    #    NAME "cities"
    #    TYPE POINT
    #    PROJECTION
    #        "init=epsg:4326"
    #    END
    #    STATUS ON
    #    CONNECTIONTYPE OGR
    #    CONNECTION "/data/naturalearth/fgb"
    #    DATA "SELECT *, 15-LABELRANK AS POINTSIZE FROM ne_110m_populated_places"
    #    EXTENT -180.0 -90.0 180.0 90
    #    CLASS
    #        EXPRESSION ([WORLDCITY] = 1)
    #        STYLE
    #            SYMBOL "circlef"
    #            COLOR "#6A5ACD"
    #            SIZE [POINTSIZE]
    #        END
    #        LABEL
    #            TEXT "[NAME]"
    #            FONT "arial"
    #            SIZE 10
    #            POSITION "ul"
    #        END
    #    END
    #END
END