MAP
    NAME "WFS"
    EXTENT -180 -90 180 90
    SIZE 400 400 #
    PROJECTION
        "init=epsg:4326"
    END

    OUTPUTFORMAT
        NAME "geojson"
        DRIVER "OGR/GEOJSON"
        MIMETYPE "application/json; subtype=geojson; charset=utf-8"
        FORMATOPTION "FORM=SIMPLE"
        FORMATOPTION "STORAGE=memory"
        FORMATOPTION "LCO:NATIVE_MEDIA_TYPE=application/vnd.geo+json"
        FORMATOPTION "USE_FEATUREID=true" # ensure GeoJSON output has an id property
    END

    WEB
        METADATA
            ows_enable_request "*" # this enables all OGC requests
            "wfs_getfeature_formatlist" "geojson"
            "wfs_srs" "EPSG:4326 EPSG:3857"
        END
    END
    LAYER
        NAME "places"
        TYPE POINT
        PROJECTION
            "init=epsg:4326"
        END
        STATUS OFF
        TEMPLATE "ttt"
        METADATA
            "gml_include_items" "all"
            "gml_types" "auto"
        END
        FILTER ([pop_max] > 1000000) # only return places with a population > 1 million
        CONNECTIONTYPE OGR
        CONNECTION "data/naturalearth"
        DATA "ne_50m_populated_places_simple"
        EXTENT -180.0 -90.0 180.0 90
        PROCESSING "CLOSE_CONNECTION=DEFER"
        CLASS
            STYLE
                COLOR 60 179 113
                OUTLINECOLOR 255 255 255
                OUTLINEWIDTH 0.1
            END
        END
    END
END